// Jest Snapshot v1, https://goo.gl/fbAQLP

exports[`should render Header correctly 1`] = `
<header
  className="header"
>
  <div
    className="content-container"
  >
    <div
      className="header__content"
    >
      <Link
        className="header__title"
        replace={false}
        to="/dashboard"
      >
        <h1>
          Expenses Demo
        </h1>
      </Link>
      <div>
        <Link
          className="header__link"
          replace={false}
          to="/about"
        >
          About
        </Link>
        <button
          className="button button--link"
          onClick={[Function]}
        >
          Logout
        </button>
      </div>
    </div>
  </div>
</header>
`;
